[engineering.tamu.edu/index.html]
[backblue.gif]
[fade.gif]
[index.html]
[engineering.tamu.edu/_assets/css/accordion-11-18-2021.css]
[engineering.tamu.edu/_assets/css/style-update-9_14_22.css]
[www.tamu.edu/assets/fonts/525562/525E459B822EF5E18.css]
[engineering.tamu.edu/_assets/css/timeline.css]
[engineering.tamu.edu/_assets/images/favicon.ico]
[engineering.tamu.edu/_assets/js/accordion-11-11-2021.js]
[engineering.tamu.edu/_assets/js/jquery.min.js]
[engineering.tamu.edu/_assets/js/lazysizes.min.js]
[engineering.tamu.edu/_assets/js/jquery.fitvids.js]
[engineering.tamu.edu/_assets/js/modernizr-custom.js]
[script.crazyegg.com/pages/scripts/0087/2928.js]
[engineering.tamu.edu/_assets/js/cfnewsteasers-8-16-2021.js]
[engineering.tamu.edu/_assets/js/timeline-script.js]
[engineering.tamu.edu/_assets/js/finder-7-1-2022.js]
[engineering.tamu.edu/_assets/images/sprites/svg-sprite-custom-symbol.svg]
[engineering.tamu.edu/giving/index.html]
[engineering.tamu.edu/aerospace/index.html]
[engineering.tamu.edu/contact/index.html]
[engineering.tamu.edu/biomedical/index.html]
[engineering.tamu.edu/chemical/index.html]
[engineering.tamu.edu/civil/index.html]
[engineering.tamu.edu/cse/index.html]
[engineering.tamu.edu/electrical/index.html]
[engineering.tamu.edu/etid/index.html]
[engineering.tamu.edu/industrial/index.html]
[engineering.tamu.edu/materials/index.html]
[engineering.tamu.edu/mechanical/index.html]
[engineering.tamu.edu/mtde/index.html]
[engineering.tamu.edu/nuclear/index.html]
[engineering.tamu.edu/ocean/index.html]
[engineering.tamu.edu/petroleum/index.html]
[engineering.tamu.edu/admissions-and-aid/prospective-students/index.html]
[engineering.tamu.edu/academics/resources/index.html]
[engineering.tamu.edu/information/index.html]
[engineering.tamu.edu/search03d2.html]
[engineering.tamu.edu/alumni-relations/index.html]
[engineering.tamu.edu/index-2.html]
[engineering.tamu.edu/_files/_logos/logo.svg]
[engineering.tamu.edu/about/index.html]
[engineering.tamu.edu/about/leadership/index.html]
[engineering.tamu.edu/about/facts-and-figures/index.html]
[engineering.tamu.edu/news/index.html]
[engineering.tamu.edu/academics/departments.html]
[engineering.tamu.edu/about/buildings/zach.html]
[engineering.tamu.edu/academics/index.html]
[engineering.tamu.edu/academics/degrees/index.html]
[engineering.tamu.edu/academics/academic-advisors.html]
[engineering.tamu.edu/academics/academies/index.html]
[engineering.tamu.edu/engineering-online/dept-online-degrees.html]
[engineering.tamu.edu/engineering-online/courses.html]
[engineering.tamu.edu/academics/global/index.html]
[engineering.tamu.edu/admissions-and-aid/index.html]
[engineering.tamu.edu/admissions-and-aid/graduate-admissions/index.html]
[engineering.tamu.edu/academics/undergraduate/entry-to-a-major/index.html]
[engineering.tamu.edu/admissions-and-aid/transfer-students.html]
[engineering.tamu.edu/academics/explore-engineering/index.html]
[engineering.tamu.edu/admissions-and-aid/apply-now.html]
[engineering.tamu.edu/admissions-and-aid/schedule-a-visit.html]
[engineering.tamu.edu/student-life/index.html]
[engineering.tamu.edu/student-life/find-your-community.html]
[engineering.tamu.edu/student-life/get-creative.html]
[engineering.tamu.edu/student-life/interact-with-industry.html]
[engineering.tamu.edu/student-life/solve-problems.html]
[engineering.tamu.edu/academics/undergraduate/engrx/index.html]
[engineering.tamu.edu/academics/fedc/index.html]
[engineering.tamu.edu/research/index.html]
[engineering.tamu.edu/events/coe-seminars.html]
[engineering.tamu.edu/academics/undergraduate/undergraduate-bridges.html]
[engineering.tamu.edu/research/autonomy-and-robotics/index.html]
[engineering.tamu.edu/research/education-and-training.html]
[engineering.tamu.edu/research/energy-systems-and-services.html]
[engineering.tamu.edu/research/Healthcare.html]
[engineering.tamu.edu/research/infrastructure.html]
[engineering.tamu.edu/research/materials-and-manufacturing.html]
[engineering.tamu.edu/research/national-security-and-safety.html]
[engineering.tamu.edu/partner-with-us/index.html]
[engineering.tamu.edu/partner-with-us/industry.html]
[engineering.tamu.edu/partner-with-us/donors.html]
[engineering.tamu.edu/partner-with-us/pk12-and-educators.html]
[engineering.tamu.edu/partner-with-us/researchers.html]
[engineering.tamu.edu/partner-with-us/volunteers.html]
[engineering.tamu.edu/partner-with-us/contacts.html]
[engineering.tamu.edu/academics/graduate/index.html]
[engineering.tamu.edu/nuclear/_files/_images/_feature-images/NUEN-feature-USBLabs-gradstudents-working-08Nov2019.jpg]
[engineering.tamu.edu/_files/_images/_feature-images/tamu-engineering-lab-career-path25Aug2022.jpg]
[engineering.tamu.edu/_files/_images/_content-images/tamu-engineering-electronic-tattoo-27Jun2022.jpg]
[engineering.tamu.edu/news/2022/06/bmen-blood-pressure-e-tattoo-promises-continuous-unobtrusive-monitoring.html]
[engineering.tamu.edu/news/2022/06/cven-texas-am-receives-374m-for-green-3d-printed-hempcrete-buildings-research.html]
[engineering.tamu.edu/_files/_images/_feature-images/tamu-engineering-green-construction-13Sept2022.jpg]
[engineering.tamu.edu/_files/_images/_feature-images/academics-engineering-workshop-students-08Nov2019.jpg]
[engineering.tamu.edu/_files/_images/_feature-images/burke-industrial-distribution-endowed-scholarship-photo-feed-17aug2022.jpg]
[engineering.tamu.edu/_files/_images/_feature-images/fall-2022-preview-semester-photo-feed-17aug2022.jpg]
[engineering.tamu.edu/_files/_images/_feature-images/new-data-engineering-program-photo-feed-17aug20222.jpg]
[engineering.tamu.edu/_files/_images/_feature-images/september-event-information-viz-photo-feed-17aug2022.jpg]
[calendar.tamu.edu/livewhale/theme/core/scripts/lwcw.js]
[engineering.tamu.edu/_assets/images/logo.svg]
[engineering.tamu.edu/search.html]
[engineering.tamu.edu/policies.html]
[engineering.tamu.edu/_assets/js/svg4everybody.js]
[engineering.tamu.edu/_assets/js/main-9-14-2021.js]
[engineering.tamu.edu/index.html]
[www.tamu.edu/assets/fonts/525562/525E459B822EF5E18.css]
[engineering.tamu.edu/_assets/css/accordion-11-18-2021.css]
[siteimproveanalytics.com/js/siteanalyze_66356270.js]
[engineering.tamu.edu/_assets/css/style-update-9_14_22.css]
[engineering.tamu.edu/_assets/css/timeline.css]
[www.googletagmanager.com/gtm5445.html]
[engineering.tamu.edu/_assets/images/sprites/svg-sprite-custom-symbol.svg]
[engineering.tamu.edu/_files/_images/_feature-images/partner-with-us-pk-12-stem-outreach-feature-06April2018.jpg]
[engineering.tamu.edu/_files/_images/_feature-images/feature-block-student-presenting-project-industry-06June2018.jpg]
[engineering.tamu.edu/giving/whygive.html]
[engineering.tamu.edu/_files/_images/_feature-images/feature-image-Zachry-22August2018.jpg]
[engineering.tamu.edu/giving/goals.html]
[engineering.tamu.edu/_files/_images/_feature-images/student-life-make-a-difference-feature-06April2018.jpg]
[engineering.tamu.edu/giving/waystogive.html]
[engineering.tamu.edu/giving/givenow.html]
[engineering.tamu.edu/_files/_images/_feature-images/student-life-presentation-feature-06April2018.jpg]
[engineering.tamu.edu/civil/_files/_images/_feature-images/CVEN-ring.jpg]
[engineering.tamu.edu/news/_images/news-feature-TAMU-maroon-bg-default-21Jan2022.jpg]
[engineering.tamu.edu/contact/support-staff/engineering-development-officers.html]
[engineering.tamu.edu/giving/giving-campaigns/zach-brick-campaign.html]
[engineering.tamu.edu/giving/_files/_images/brick-campaign-feature-11Feb2019.jpg]
[engineering.tamu.edu/news/2022/09/_news-images/CVEN-Gregory-Donor-13Sept2022.jpg]
[engineering.tamu.edu/news/2022/09/gregorys-support-civil-engineering-domestic-doctoral-students.html]
[engineering.tamu.edu/news/2022/09/propelling-the-future-of-aerodynamics.html]
[engineering.tamu.edu/news/2022/09/designing-and-doing-pearsons-promote-aerospace-engineering.html]
[engineering.tamu.edu/news/2022/09/stewarts-further-family-legacy-in-sustainable-engineering.html]
[engineering.tamu.edu/giving/index.html]
[engineering.tamu.edu/news/newsfeed18a8.html]
[engineering.tamu.edu/contact/easa.html]
[engineering.tamu.edu/about/campuses-and-locations/index.html]
[engineering.tamu.edu/contact/marketing-and-communications/index.html]
[engineering.tamu.edu/communications/index.html]
[engineering.tamu.edu/contact/eipo.html]
[engineering.tamu.edu/contact/support-staff/index.html]
[engineering.tamu.edu/contact/general-engineering-and-engineering-academy-advisors/index.html]
[engineering.tamu.edu/contact/academic-deans.html]
[engineering.tamu.edu/contact/program-directors.html]
[engineering.tamu.edu/contact/faculty.html]
[engineering.tamu.edu/contact/index.html]
[engineering.tamu.edu/contact/program-staff.html]
[engineering.tamu.edu/aerospace/giving/index.html]
[engineering.tamu.edu/aerospace/contact.html]
[engineering.tamu.edu/aerospace/current-students.html]
[engineering.tamu.edu/aerospace/prospective-students/index.html]
[engineering.tamu.edu/aerospace/former-students/index.html]
[engineering.tamu.edu/_files/_logos/AERO_secondary_WHT.svg]
[engineering.tamu.edu/aerospace/employee-resources.html]
[engineering.tamu.edu/aerospace/about/index.html]
[engineering.tamu.edu/aerospace/about/facts.html]
[engineering.tamu.edu/aerospace/about/accreditation.html]
[engineering.tamu.edu/aerospace/about/maps.html]
[engineering.tamu.edu/news/newsfeed0a9a.html]
[engineering.tamu.edu/aerospace/about/contact.html]
[engineering.tamu.edu/aerospace/academics/index.html]
[engineering.tamu.edu/aerospace/faculty-positions.html]
[engineering.tamu.edu/aerospace/advising/index.html]
[engineering.tamu.edu/academics/eh/program/aero-track/index.html]
[engineering.tamu.edu/academics/global/opportunities-abroad/opportunities-by-department/aerospace-engineering.html]
[engineering.tamu.edu/aerospace/academics/student-orgs.html]
[engineering.tamu.edu/aerospace/academics/capstone.html]
[engineering.tamu.edu/aerospace/academics/fast-track.html]
[engineering.tamu.edu/aerospace/admissions-and-aid/index.html]
[engineering.tamu.edu/aerospace/advising/scholarships-and-aid/index.html]
[engineering.tamu.edu/aerospace/research/index.html]
[engineering.tamu.edu/aerospace/research/centers-and-laboratories.html]
[engineering.tamu.edu/aerospace/research/reu/index.html]
[engineering.tamu.edu/aerospace/research/seminars.html]
[engineering.tamu.edu/aerospace/_files/_images/_feature-images/AERO-grid-hypersonics-lab-07March2022.jpg]
[engineering.tamu.edu/aerospace/profiles/index.html]
[engineering.tamu.edu/aerospace/about/leadership-team.html]
[engineering.tamu.edu/aerospace/_files/_images/_feature-images/AERO-feature-leyva-grid-07Oct2021.jpg]
[engineering.tamu.edu/aerospace/_files/_images/_feature-images/AERO-grid-giving-30Nov2021.jpg]
[engineering.tamu.edu/aerospace/_files/_images/_feature-images/AERO-feature-student-wind-tunnel-30Oct2019.jpg]
[engineering.tamu.edu/aerospace/_files/_images/_feature-images/AERO-feature-402-students-working-on-plane-30Oct2019.jpg]
[engineering.tamu.edu/aerospace/_files/_images/_feature-images/AERO-feature-lisa-brown-wind-tunnel-14-Sept-2021.jpg]
[engineering.tamu.edu/news/2022/08/_news-images/AERO-Stanger-donor-11August22.jpg]
[engineering.tamu.edu/news/2022/08/stanger-gives-back-to-support-and-inspire-aerospace-engineering-students.html]
[engineering.tamu.edu/news/2022/07/_news-images/AERO-news-grad-awards-27July2022.jpg]
[engineering.tamu.edu/news/2022/07/aero-aerospace-engineering-graduate-students-honored.html]
[engineering.tamu.edu/news/2022/07/aero-reigning-champions-texas-am-wins-design-competition.html]
[engineering.tamu.edu/news/2022/07/_news-images/AERO-news-SAE-header-05JULY2022.jpg]
[engineering.tamu.edu/aerospace/index.html]
[engineering.tamu.edu/aerospace/prospective-students/undergraduate/camp-soar.html]
[engineering.tamu.edu/biomedical/giving.html]
[engineering.tamu.edu/biomedical/contact.html]
[engineering.tamu.edu/biomedical/prospective-students.html]
[engineering.tamu.edu/biomedical/current-students.html]
[engineering.tamu.edu/_files/_logos/BMEN_secondary_WHT.svg]
[engineering.tamu.edu/biomedical/about/index.html]
[engineering.tamu.edu/biomedical/about/facts.html]
[engineering.tamu.edu/biomedical/about/accreditation.html]
[engineering.tamu.edu/news/newsfeed2dcd.html]
[engineering.tamu.edu/biomedical/about/maps.html]
[engineering.tamu.edu/biomedical/about/employment-opportunities.html]
[engineering.tamu.edu/biomedical/respect-equity-diversity-and-inclusion-committee.html]
[engineering.tamu.edu/biomedical/academics/current-undergraduate-students.html]
[engineering.tamu.edu/academics/global/opportunities-abroad/opportunities-by-department/biomedical-engineering.html]
[engineering.tamu.edu/academics/eh/program/bmen-track/index.html]
[engineering.tamu.edu/biomedical/academics/fast-track.html]
[engineering.tamu.edu/biomedical/academics/current-grad-students.html]
[engineering.tamu.edu/biomedical/advising/graduate-resources-handbook/index.html]
[engineering.tamu.edu/biomedical/academics/degrees/graduate/index.html]
[engineering.tamu.edu/biomedical/academics/student-orgs.html]
[engineering.tamu.edu/biomedical/admissions-and-aid/prospective-undergraduate-students/index.html]
[engineering.tamu.edu/biomedical/admissions-and-aid/scholarships-aid/index.html]
[engineering.tamu.edu/biomedical/admissions-and-aid/prospective-grad-students/index.html]
[engineering.tamu.edu/biomedical/admissions-and-aid/graduate-admissions/index.html]
[engineering.tamu.edu/biomedical/admissions-and-aid/scholarships-aid/graduate-funding/index.html]
[engineering.tamu.edu/biomedical/advising/graduate-advisors.html]
[engineering.tamu.edu/biomedical/research/index.html]
[engineering.tamu.edu/biomedical/research/facilities/labs.html]
[engineering.tamu.edu/biomedical/research/facilities/index.html]
[engineering.tamu.edu/biomedical/about/department-leadership.html]
[engineering.tamu.edu/biomedical/profiles/index.html]
[engineering.tamu.edu/biomedical/academics/seniordesign/index.html]
[engineering.tamu.edu/biomedical/_files/_images/_content-images/BMEN-content-graduate-programs-teaser-14-Sept-2021.jpg]
[engineering.tamu.edu/biomedical/summer-enrichment-experience.html]
[engineering.tamu.edu/biomedical/bme-design-studio.html]
[engineering.tamu.edu/biomedical/anniversary/index.html]
[engineering.tamu.edu/biomedical/_files/_images/_content-images/BMEN-content-50th-logo-18Feb2022.jpg]
[engineering.tamu.edu/news/2021/12/_news-images/BMEN-news-Mathur-JAHA-06Dec2021.jpg]
[engineering.tamu.edu/biomedical/_files/_images/_feature-images/BMEN-engineering-heart-rate-vitals-monitor-feature-05April2018.jpg]
[engineering.tamu.edu/news/2022/10/light-based-therapy-weakens-antibiotic-resistant-bacteria.html]
[engineering.tamu.edu/biomedical/_files/_images/_feature-images/BMEN-engineering-medical-technology-feature-05April2018.jpg]
[engineering.tamu.edu/biomedical/_files/_images/_feature-images/BMEN-engineering-sample-testing-feature-05April2018.jpg]
[engineering.tamu.edu/news/2022/10/_news-images/BMEN-news-light-based-therapy-4oct2022.jpg]
[engineering.tamu.edu/biomedical/advising/index.html]
[engineering.tamu.edu/news/2022/09/quantum-light-source-advances-bio-imaging-clarity.html]
[engineering.tamu.edu/news/2022/09/_news-images/BMEN-news-quantum-header-15sep2022.jpg]
[engineering.tamu.edu/news/2022/08/_news-images/BMEN-news-lele-nucleus-header-17aug2022.jpg]
[engineering.tamu.edu/news/2022/08/unlocking-cell-nucleus-behaviors-may-be-key-in-cancer-fight.html]
[engineering.tamu.edu/biomedical/academics/co-op.html]
[engineering.tamu.edu/academics/certificates/index.html]
[engineering.tamu.edu/biomedical/events/index.html]
[engineering.tamu.edu/biomedical/index.html]
[engineering.tamu.edu/biomedical/research/facilities/safety/index.html]
[engineering.tamu.edu/chemical/giving/index.html]
[engineering.tamu.edu/chemical/contact.html]
[engineering.tamu.edu/chemical/future-students.html]
[engineering.tamu.edu/chemical/current-students/index.html]
[engineering.tamu.edu/_files/_logos/CHEN_secondary_WHT.svg]
[engineering.tamu.edu/chemical/about/index.html]
[engineering.tamu.edu/news/newsfeed467a.html]
[engineering.tamu.edu/chemical/about/facts.html]
[engineering.tamu.edu/chemical/about/accreditation.html]
[engineering.tamu.edu/chemical/_files/_images/_content-images/CHEN-Jack-E-Brown-Building-04Nov2019.jpg]
[engineering.tamu.edu/chemical/about/maps.html]
[engineering.tamu.edu/chemical/about/jack-e-brown-building.html]
[engineering.tamu.edu/chemical/academics/degrees/index.html]
[engineering.tamu.edu/chemical/academics/index.html]
[engineering.tamu.edu/academics/eh/program/chen-track/index.html]
[engineering.tamu.edu/chemical/advising/index.html]
[engineering.tamu.edu/chemical/academics/student-orgs.html]
[engineering.tamu.edu/academics/global/opportunities-abroad/opportunities-by-department/chemical-engineering.html]
[engineering.tamu.edu/chemical/admissions-and-aid/index.html]
[engineering.tamu.edu/chemical/admissions-and-aid/scholarships-and-aid/index.html]
[engineering.tamu.edu/chemical/advising/undergraduate-advising.html]
[engineering.tamu.edu/chemical/admissions-and-aid/scholarships-and-aid/undergraduate-opportunities.html]
[engineering.tamu.edu/chemical/admissions-and-aid/undergraduate-admissions/transferring.html]
[engineering.tamu.edu/chemical/admissions-and-aid/graduate-admissions/index.html]
[engineering.tamu.edu/chemical/advising/graduate/index.html]
[engineering.tamu.edu/chemical/admissions-and-aid/scholarships-and-aid/graduate-funding.html]
[engineering.tamu.edu/chemical/research/index.html]
[engineering.tamu.edu/chemical/research/biomedicine-biomolecules.html]
[engineering.tamu.edu/chemical/research/catalysis-and-electrochemistry.html]
[engineering.tamu.edu/chemical/research/complex-fluids-microfluidics-and-soft-matter.html]
[engineering.tamu.edu/chemical/research/energy.html]
[engineering.tamu.edu/chemical/research/environmental-and-sustainability.html]
[engineering.tamu.edu/chemical/research/materials-and-microelectronics.html]
[engineering.tamu.edu/chemical/research/biofuels-and-biotechnology.html]
[engineering.tamu.edu/chemical/research/computational-chemical-engineering.html]
[engineering.tamu.edu/chemical/research/nanotechnology.html]
[engineering.tamu.edu/chemical/research/process-systems-engineering.html]
[engineering.tamu.edu/chemical/research/reaction-engineering.html]
[engineering.tamu.edu/chemical/profiles/index.html]
[engineering.tamu.edu/chemical/_files/_documents/_marketing/chen-spring-2022-magazine-4.pdf]
[engineering.tamu.edu/chemical/_files/_images/_feature-images/CHEN-featuregrid-26April22.jpg]
[engineering.tamu.edu/news/2021/08/_news-images/CHEN-glowing-nematode-23Aug2021.jpg]
[engineering.tamu.edu/chemical/_files/_images/_content-images/CHEN-content-womeninlab-7Sept21.jpg]
[engineering.tamu.edu/chemical/_files/_images/_content-images/CHEN-content-Advising-29Sept21.jpg]
[engineering.tamu.edu/chemical/_files/_images/_content-images/CHEN-content-JEB-7Sept29.jpg]
[engineering.tamu.edu/chemical/_files/_images/_content-images/CHEN-feature-grid-29Sept21.jpg]
[engineering.tamu.edu/chemical/faculty-positions.html]
[engineering.tamu.edu/news/2022/09/_news-images/CHEN-news-Reeves-19Sept22.jpg]
[engineering.tamu.edu/news/2022/09/chen-determining-how-and-why-cells-make-decisions.html]
[engineering.tamu.edu/news/2022/09/_news-images/CHEN-Kuo-award-image.jpg]
[engineering.tamu.edu/news/2022/09/chen-kuo-honored-with-edward-goodrich-acheson-award.html]
[engineering.tamu.edu/news/2022/09/_news-images/Chen-Balbuena-group-image.jpg]
[engineering.tamu.edu/news/2022/09/chen-balbuena-named-2022-electrochemical-society-fellow.html]
[engineering.tamu.edu/chemical/index.html]
[engineering.tamu.edu/chemical/giving/dr-christodoulos-a-floudas-graduate-fellowship.html]
[engineering.tamu.edu/civil/giving.html]
[engineering.tamu.edu/civil/contact.html]
[engineering.tamu.edu/civil/prospective-students.html]
[engineering.tamu.edu/civil/current-students.html]
[engineering.tamu.edu/_files/_logos/CVEN_secondary_WHT.svg]
[engineering.tamu.edu/civil/about/index.html]
[engineering.tamu.edu/civil/about/accreditatons.html]
[engineering.tamu.edu/civil/about/facts.html]
[engineering.tamu.edu/news/newsfeed71bf.html]
[engineering.tamu.edu/civil/faculty-positions.html]
[engineering.tamu.edu/civil/about/maps.html]
[engineering.tamu.edu/civil/academics/index.html]
[engineering.tamu.edu/civil/advising/index.html]
[engineering.tamu.edu/civil/academics/student-orgs.html]
[engineering.tamu.edu/academics/eh/program/cven-track/index.html]
[engineering.tamu.edu/academics/global/opportunities-abroad/opportunities-by-department/civil-engineering.html]
[engineering.tamu.edu/civil/admissions-and-aid/index.html]
[engineering.tamu.edu/civil/admissions-and-aid/graduate-admissions/index.html]
[engineering.tamu.edu/civil/admissions-and-aid/scholarships-aid/index.html]
[engineering.tamu.edu/civil/research/index.html]
[engineering.tamu.edu/civil/research/facilities-and-equipment.html]
[engineering.tamu.edu/civil/research/ResearchSpecialtyArea.html]
[engineering.tamu.edu/civil/research/coastal.html]
[engineering.tamu.edu/civil/research/construction.html]
[engineering.tamu.edu/civil/research/environmental.html]
[engineering.tamu.edu/civil/research/geotechnical.html]
[engineering.tamu.edu/civil/research/materials.html]
[engineering.tamu.edu/civil/research/structural.html]
[engineering.tamu.edu/civil/research/transportation.html]
[engineering.tamu.edu/civil/research/water.html]
[engineering.tamu.edu/civil/profiles/index.html]
[engineering.tamu.edu/civil/academics/degrees/graduate/index.html]
[engineering.tamu.edu/civil/academics/degrees/undergraduate/Undergraduate.html]
[engineering.tamu.edu/civil/_files/_images/_content-images/CVEN-web-image-undergraduate-programs.png]
[engineering.tamu.edu/civil/_files/_images/_feature-images/CVEN-feature-student-construction-beam-01June2018.png]
[engineering.tamu.edu/civil/_files/_images/_content-images/CVEN-web-image-SchFinAid-06Nov2019.jpg]
[engineering.tamu.edu/civil/_files/_images/_feature-images/CVEN-core-sample-06Nov2019.jpg]
[engineering.tamu.edu/civil/_files/_images/_feature-images/CVEN-faculty-18May2021.jpg]
[engineering.tamu.edu/civil/_files/_images/_feature-images/CVEN-water-test-06Nov2019.jpg]
[engineering.tamu.edu/civil/admissions-and-aid/scholarships-aid/gaann-program/index.html]
[engineering.tamu.edu/civil/academics/build.html]
[engineering.tamu.edu/civil/admissions-and-aid/scholarships-aid/igrad-fellow-program.html]
[engineering.tamu.edu/news/2022/10/koliou-to-study-seismic-impact-on-aging-houses-with-nsf-grant.html]
[engineering.tamu.edu/news/2022/10/_news-images/CVEN-Earthquake-damage-13October2022.jpg]
[engineering.tamu.edu/news/2022/09/_news-images/CVEN-NASA-map-dust-22September2022.jpg]
[engineering.tamu.edu/news/2022/09/cven-researchers-identify-african-dust-by-measuring-isotopes.html]
[engineering.tamu.edu/civil/index.html]
[engineering.tamu.edu/news/2022/09/_news-images/CVEN-Yong-Rak-Kim-main-04September2022.jpg]
[engineering.tamu.edu/news/2022/09/cven-kim-elected-fellow-of-american-society-of-civil-engineers.html]
[engineering.tamu.edu/cse/contact.html]
[engineering.tamu.edu/cse/giving/index.html]
[engineering.tamu.edu/cse/prospective-students.html]
[engineering.tamu.edu/cse/current-students.html]
[engineering.tamu.edu/cse/former-students.html]
[engineering.tamu.edu/_files/_logos/CSCE_secondary_WHT.svg]
[engineering.tamu.edu/cse/about/facts.html]
[engineering.tamu.edu/cse/about/index.html]
[engineering.tamu.edu/cse/about/accreditation/index.html]
[engineering.tamu.edu/cse/about/maps.html]
[engineering.tamu.edu/news/newsfeed8d65.html]
[engineering.tamu.edu/cse/about/faculty-distinctions/index.html]
[engineering.tamu.edu/cse/academics/index.html]
[engineering.tamu.edu/cse/advising/index.html]
[engineering.tamu.edu/academics/eh/program/csce-track/index.html]
[engineering.tamu.edu/ce/index.html]
[engineering.tamu.edu/academics/global/opportunities-abroad/opportunities-by-department/computer-science-engineering.html]
[engineering.tamu.edu/cse/academics/student-orgs.html]
[engineering.tamu.edu/cse/academics/peer-teachers/index.html]
[engineering.tamu.edu/cse/academics/fast-track.html]
[engineering.tamu.edu/cse/admissions-and-aid/index.html]
[engineering.tamu.edu/cse/admissions-and-aid/scholarships-aid/index.html]
[engineering.tamu.edu/cse/research/index.html]
[engineering.tamu.edu/cse/research/areas/index.html]
[engineering.tamu.edu/cse/research/labs.html]
[engineering.tamu.edu/cse/research/undergraduate-research.html]
[engineering.tamu.edu/cse/research/seminars/index.html]
[engineering.tamu.edu/cse/industry-capstone-program/index.html]
[engineering.tamu.edu/cse/profiles/index.html]
[engineering.tamu.edu/cse/iap/index.html]
[engineering.tamu.edu/cse/about/galveston-campus.html]
[engineering.tamu.edu/cse/_files/_images/_content-images/CSCE-Grid-Galveston-Page-22March2022.jpg]
[engineering.tamu.edu/cse/_files/_images/_content-images/CSCE-Grid-Content-Chaspari-08Nov2019.jpg]
[engineering.tamu.edu/cse/index.html]
[engineering.tamu.edu/electrical/index.html]
[engineering.tamu.edu/etid/index.html]
[engineering.tamu.edu/industrial/index.html]
[engineering.tamu.edu/materials/index.html]
[engineering.tamu.edu/mechanical/index.html]
[engineering.tamu.edu/mtde/index.html]
[engineering.tamu.edu/nuclear/index.html]
[engineering.tamu.edu/ocean/index.html]
[engineering.tamu.edu/petroleum/index.html]
[engineering.tamu.edu/admissions-and-aid/prospective-students/index.html]
[engineering.tamu.edu/academics/resources/index.html]
[engineering.tamu.edu/information/index.html]
[engineering.tamu.edu/alumni-relations/index.html]
[engineering.tamu.edu/search03d2.html]
[engineering.tamu.edu/index-2.html]
[engineering.tamu.edu/_files/_logos/logo.svg]
[engineering.tamu.edu/about/index.html]
[engineering.tamu.edu/about/leadership/index.html]
[engineering.tamu.edu/about/facts-and-figures/index.html]
[engineering.tamu.edu/news/index.html]
[engineering.tamu.edu/academics/departments.html]
[engineering.tamu.edu/about/buildings/zach.html]
[engineering.tamu.edu/academics/index.html]
[engineering.tamu.edu/academics/academic-advisors.html]
[engineering.tamu.edu/academics/degrees/index.html]
[engineering.tamu.edu/academics/academies/index.html]
[engineering.tamu.edu/engineering-online/dept-online-degrees.html]
[engineering.tamu.edu/engineering-online/courses.html]
[engineering.tamu.edu/academics/global/index.html]
[engineering.tamu.edu/admissions-and-aid/index.html]
[engineering.tamu.edu/admissions-and-aid/graduate-admissions/index.html]
[engineering.tamu.edu/academics/undergraduate/entry-to-a-major/index.html]
[engineering.tamu.edu/admissions-and-aid/transfer-students.html]
[engineering.tamu.edu/academics/explore-engineering/index.html]
[engineering.tamu.edu/admissions-and-aid/apply-now.html]
[engineering.tamu.edu/admissions-and-aid/schedule-a-visit.html]
[engineering.tamu.edu/student-life/index.html]
[engineering.tamu.edu/student-life/find-your-community.html]
[engineering.tamu.edu/student-life/get-creative.html]
[engineering.tamu.edu/student-life/interact-with-industry.html]
[engineering.tamu.edu/student-life/solve-problems.html]
[engineering.tamu.edu/academics/undergraduate/engrx/index.html]
[engineering.tamu.edu/academics/fedc/index.html]
[engineering.tamu.edu/research/index.html]
[engineering.tamu.edu/events/coe-seminars.html]
[engineering.tamu.edu/academics/undergraduate/undergraduate-bridges.html]
[engineering.tamu.edu/research/autonomy-and-robotics/index.html]
[engineering.tamu.edu/research/education-and-training.html]
[engineering.tamu.edu/research/energy-systems-and-services.html]
[engineering.tamu.edu/research/Healthcare.html]
[engineering.tamu.edu/research/infrastructure.html]
[engineering.tamu.edu/research/materials-and-manufacturing.html]
[engineering.tamu.edu/research/national-security-and-safety.html]
[engineering.tamu.edu/partner-with-us/index.html]
[engineering.tamu.edu/partner-with-us/industry.html]
[engineering.tamu.edu/partner-with-us/donors.html]
[engineering.tamu.edu/partner-with-us/pk12-and-educators.html]
[engineering.tamu.edu/partner-with-us/researchers.html]
[engineering.tamu.edu/partner-with-us/volunteers.html]
[engineering.tamu.edu/partner-with-us/contacts.html]
[engineering.tamu.edu/academics/graduate/index.html]
[engineering.tamu.edu/news/2022/06/bmen-blood-pressure-e-tattoo-promises-continuous-unobtrusive-monitoring.html]
[engineering.tamu.edu/news/2022/06/cven-texas-am-receives-374m-for-green-3d-printed-hempcrete-buildings-research.html]
[engineering.tamu.edu/_assets/images/logo.svg]
[engineering.tamu.edu/search.html]
[engineering.tamu.edu/policies.html]
[engineering.tamu.edu/giving/whygive.html]
[engineering.tamu.edu/giving/goals.html]
[engineering.tamu.edu/giving/waystogive.html]
[engineering.tamu.edu/giving/givenow.html]
[engineering.tamu.edu/contact/support-staff/engineering-development-officers.html]
[engineering.tamu.edu/giving/giving-campaigns/zach-brick-campaign.html]
[engineering.tamu.edu/news/2022/09/gregorys-support-civil-engineering-domestic-doctoral-students.html]
[engineering.tamu.edu/news/2022/09/propelling-the-future-of-aerodynamics.html]
[engineering.tamu.edu/news/2022/09/designing-and-doing-pearsons-promote-aerospace-engineering.html]
[engineering.tamu.edu/news/2022/09/stewarts-further-family-legacy-in-sustainable-engineering.html]
[engineering.tamu.edu/news/newsfeed18a8.html]
[engineering.tamu.edu/contact/easa.html]
[engineering.tamu.edu/about/campuses-and-locations/index.html]
[engineering.tamu.edu/contact/marketing-and-communications/index.html]
[engineering.tamu.edu/communications/index.html]
